../Drivers/STM32WLxx_HAL_Driver/Inc/stm32wlxx_ll_bus.h:449:22:LL_AHB2_GRP1_EnableClock	24	static
../Core/Src/main.c:75:5:main	8	static
../Core/Src/main.c:129:6:SystemClock_Config	112	static
../Core/Src/main.c:172:13:MX_I2C1_Init	8	static
../Core/Src/main.c:220:13:MX_GPIO_Init	32	static
../Core/Src/main.c:265:9:main_key_status_read	16	static
../Core/Src/main.c:278:19:main_i2c_transmit	24	static
../Core/Src/main.c:283:19:main_i2c_receive	24	static
../Core/Src/main.c:288:15:main_change_pin_read	8	static
../Core/Src/main.c:295:6:main_interrupt_callback	8	static
../Core/Src/main.c:300:6:main_led_control	16	static
../Core/Src/main.c:309:9:main_bit_2_order	24	static
../Core/Src/main.c:329:6:HAL_TIM_PeriodElapsedCallback	16	static
../Core/Src/main.c:346:6:Error_Handler	4	static,ignoring_inline_asm
