../Core/Src/at42qt1070/at42qt1070.c:94:6:at42qt1070_init	24	static
../Core/Src/at42qt1070/at42qt1070.c:114:6:at42qt1070_new_event_check	4	static
../Core/Src/at42qt1070/at42qt1070.c:119:6:at42qt1070_key_stete_read	8	static
../Core/Src/at42qt1070/at42qt1070.c:151:6:at42qt1070_callback	16	static
../Core/Src/at42qt1070/at42qt1070.c:172:9:at42qt1070_key_stete_get	16	static
../Core/Src/at42qt1070/at42qt1070.c:185:6:at42qt1070_calibrate	16	static
../Core/Src/at42qt1070/at42qt1070.c:196:6:at42qt1070_reset	16	static
../Core/Src/at42qt1070/at42qt1070.c:207:27:at42qt1070_key_event_type_handler	16	static
../Core/Src/at42qt1070/at42qt1070.c:250:27:at42qt1070_event_report	4	static
../Core/Src/at42qt1070/at42qt1070.c:262:27:at42qt1070_manager	4	static
