../Core/Src/at42qt1070/at42qt1070.c:93:6:at42qt1070_init	24	static
../Core/Src/at42qt1070/at42qt1070.c:113:6:at42qt1070_new_event_check	4	static
../Core/Src/at42qt1070/at42qt1070.c:118:6:at42qt1070_key_stete_read	8	static
../Core/Src/at42qt1070/at42qt1070.c:150:6:at42qt1070_callback	16	static
../Core/Src/at42qt1070/at42qt1070.c:171:9:at42qt1070_key_stete_get	16	static
../Core/Src/at42qt1070/at42qt1070.c:184:6:at42qt1070_calibrate	16	static
../Core/Src/at42qt1070/at42qt1070.c:195:6:at42qt1070_reset	16	static
../Core/Src/at42qt1070/at42qt1070.c:206:27:at42qt1070_key_event_type_handler	16	static
